#                                         Conservative Transportable Stuff            
#Date/Time                Scalar     Block WC Mass    Bed Mass   Flux       Error      
